2026-09-28 15:46:06.809: [INFO] CurrentProfilePath: C:\Users\Head Field\Desktop\betterpitch main\lia-replica\prof7\Default
2026-09-28 15:46:06.809: [INFO] Profiles total count: 1
2026-09-28 15:46:06.809: [INFO] Profile: name=Profile 1 path=C:\Users\Head Field\Desktop\betterpitch main\lia-replica\prof7\Default lastActive=null
2026-09-28 15:46:06.809: [INFO] LastUsedProfileDir: C:\Users\Head Field\Desktop\betterpitch main\lia-replica\prof7\Default
2026-09-28 15:46:06.809: [INFO] VisibilityChanged: 0
2026-09-28 15:46:06.840: [INFO] RecordSyncInitDuration has_sync_been_enabled: 0 state: 0
2026-09-28 15:46:06.842: [INFO] RecordSyncInitDuration has_sync_been_enabled: 0 state: 0
2026-09-28 15:46:06.843: [INFO] RecordSyncInitDuration has_sync_been_enabled: 0 state: 0
2026-09-28 15:46:06.845: [INFO] RecordSyncInitDuration has_sync_been_enabled: 0 state: 0
2026-09-28 15:46:06.846: [INFO] RecordSyncInitDuration has_sync_been_enabled: 0 state: 0
2026-09-28 15:46:06.847: [INFO] RecordSyncInitDuration has_sync_been_enabled: 0 state: 0
2026-09-28 15:46:06.849: [INFO] RecordSyncInitDuration has_sync_been_enabled: 0 state: 0
2026-09-28 15:46:06.850: [INFO] RecordSyncInitDuration has_sync_been_enabled: 0 state: 0
2026-09-28 15:46:06.852: [INFO] RecordSyncInitDuration has_sync_been_enabled: 0 state: 0
2026-09-28 15:46:06.854: [INFO] RecordSyncInitDuration has_sync_been_enabled: 0 state: 0
2026-09-28 15:46:06.880: [INFO] OnDoneLoading sync enabled: 0
2026-09-28 15:46:06.880: [INFO] BookmarkModelLoaded, ids_reassigned: 0
2026-09-28 15:46:06.880: [INFO] BookmarksLoadDropped droppedNodes=0
2026-09-28 15:46:06.880: [INFO] BookmarksSnapshot Startup total=0 bar=0 other=0 mobile=0 showBar=0 showBarNTP=1
2026-09-28 15:46:07.015: [INFO] RecordSyncInitDuration has_sync_been_enabled: 0 state: 0
